### host: x3010c0s3b3n0
### date: Wed Aug 26 02:48:13 PM UTC 2026
### modules:

Currently Loaded Modules:
  1) brics/userenv/2.7   5) craype-network-ofi   9) cray-libsci/26.03.0
  2) brics/default/1.0   6) PrgEnv-gnu/8.7.0    10) craype-arm-grace
  3) craype/2.7.36       7) gcc-native/14
  4) libfabric/2.3.1     8) cray-mpich/9.1.0

 


=== threads=144 ===
# (ppwi=1,wgsize=1,valid=1)
# (ppwi=2,wgsize=1,valid=1)
# (ppwi=4,wgsize=1,valid=1)
# (ppwi=8,wgsize=1,valid=1)
# (ppwi=16,wgsize=1,valid=1)
# (ppwi=32,wgsize=1,valid=1)
# (ppwi=64,wgsize=1,valid=1)
# (ppwi=128,wgsize=1,valid=1)
ppwi,wgsize,sum_ms,avg_ms,min_ms,max_ms,stddev_ms,interactions/s,gflops/s,gfinst/s
1,1,95724.078,11965.510,11845.417,12115.812,111.501,39104040368.668,1564.454,977.601
2,1,95463.683,11932.960,11893.195,11949.672,18.207,39210703958.882,1372.654,980.268
4,1,45890.646,5736.331,5731.399,5739.139,2.360,81567782732.352,2651.518,2039.195
8,1,37085.246,4635.656,4632.572,4643.361,3.159,100934969322.827,3154.908,2523.374
16,1,30909.580,3863.697,3858.410,3870.052,3.624,121101555610.858,3709.557,3027.539
32,1,34814.858,4351.857,4346.077,4355.083,3.209,107517261237.690,3259.844,2687.932
64,1,35782.224,4472.778,4462.109,4480.490,5.270,104610552396.018,3155.368,2615.264
128,1,35231.391,4403.924,4397.458,4411.732,4.162,106246107912.151,3196.400,2656.153
# best: { min_ms: 3858.410, max_ms: 3870.052, sum_ms: 30909.580, avg_ms: 3863.697, ppwi: 16, wgsize: 1 }

=== threads=72 ===
# (ppwi=1,wgsize=1,valid=1)
# (ppwi=2,wgsize=1,valid=1)
# (ppwi=4,wgsize=1,valid=1)
# (ppwi=8,wgsize=1,valid=1)
# (ppwi=16,wgsize=1,valid=1)
# (ppwi=32,wgsize=1,valid=1)
# (ppwi=64,wgsize=1,valid=1)
# (ppwi=128,wgsize=1,valid=1)
ppwi,wgsize,sum_ms,avg_ms,min_ms,max_ms,stddev_ms,interactions/s,gflops/s,gfinst/s
1,1,191665.164,23958.146,23804.088,24201.120,128.327,19529882927.601,781.342,488.247
2,1,186954.094,23369.262,23361.516,23372.959,3.556,20022017850.769,700.913,500.550
4,1,89737.460,11217.182,11212.557,11220.849,2.343,41712772136.323,1355.954,1042.819
8,1,73358.159,9169.770,9166.963,9172.085,1.615,51026337926.272,1594.922,1275.658
16,1,59518.368,7439.796,7437.984,7445.609,2.439,62891479004.862,1926.478,1572.287
32,1,66623.268,8327.908,8326.215,8329.848,1.054,56184548589.843,1703.474,1404.614
64,1,66791.170,8348.896,8341.934,8351.382,2.835,56043309690.169,1690.434,1401.083
128,1,69909.721,8738.715,8734.981,8743.866,2.406,53543314894.613,1610.844,1338.583
# best: { min_ms: 7437.984, max_ms: 7445.609, sum_ms: 59518.368, avg_ms: 7439.796, ppwi: 16, wgsize: 1 }

=== threads=36 ===
# (ppwi=1,wgsize=1,valid=1)
# (ppwi=2,wgsize=1,valid=1)
# (ppwi=4,wgsize=1,valid=1)
# (ppwi=8,wgsize=1,valid=1)
# (ppwi=16,wgsize=1,valid=1)
# (ppwi=32,wgsize=1,valid=1)
# (ppwi=64,wgsize=1,valid=1)
# (ppwi=128,wgsize=1,valid=1)
ppwi,wgsize,sum_ms,avg_ms,min_ms,max_ms,stddev_ms,interactions/s,gflops/s,gfinst/s
1,1,375550.734,46943.842,46911.327,47092.039,56.638,9967223808.060,398.764,249.181
2,1,370180.583,46272.573,46268.360,46277.397,2.771,10111816747.724,353.986,252.795
4,1,177859.270,22232.409,22229.336,22235.411,1.780,21045842708.653,684.136,526.146
8,1,145405.889,18175.736,18171.580,18180.075,2.385,25743099056.765,804.648,643.577
16,1,117986.319,14748.290,14745.731,14750.731,1.676,31725697016.927,971.815,793.142
32,1,129777.549,16222.194,16218.083,16227.153,2.598,28843187762.940,874.504,721.080
64,1,128078.157,16009.770,16007.415,16011.941,1.685,29225890617.144,881.541,730.647
128,1,130098.042,16262.255,16257.644,16266.325,3.154,28772133340.493,865.606,719.303
# best: { min_ms: 14745.731, max_ms: 14750.731, sum_ms: 117986.319, avg_ms: 14748.290, ppwi: 16, wgsize: 1 }

=== threads=18 ===
# (ppwi=1,wgsize=1,valid=1)
# (ppwi=2,wgsize=1,valid=1)
# (ppwi=4,wgsize=1,valid=1)
# (ppwi=8,wgsize=1,valid=1)
# (ppwi=16,wgsize=1,valid=1)
# (ppwi=32,wgsize=1,valid=1)
# (ppwi=64,wgsize=1,valid=1)
[2026-08-26T16:48:30.039] error: *** JOB 5707750 ON x3010c0s3b3n0 CANCELLED AT 2026-08-26T16:48:30 DUE TO TIME LIMIT ***
