### host: x3003c0s13b3n0
### date: Wed Aug 26 12:43:40 AM UTC 2026
### modules:

Currently Loaded Modules:
  1) libfabric/2.3.1      4) PrgEnv-gnu/8.7.0   7) cray-libsci/26.03.0
  2) craype-network-ofi   5) gcc-native/14      8) craype-arm-grace
  3) craype/2.7.36        6) cray-mpich/9.1.0

 


=== threads=144 ===
# (ppwi=1,wgsize=1,valid=1)
# (ppwi=2,wgsize=1,valid=1)
# (ppwi=4,wgsize=1,valid=1)
# (ppwi=8,wgsize=1,valid=1)
# (ppwi=16,wgsize=1,valid=1)
# (ppwi=32,wgsize=1,valid=1)
# (ppwi=64,wgsize=1,valid=1)
# (ppwi=128,wgsize=1,valid=1)
ppwi,wgsize,sum_ms,avg_ms,min_ms,max_ms,stddev_ms,interactions/s,gflops/s,gfinst/s
1,1,386336.979,12073.031,11852.016,12149.845,109.642,38755784925.822,1550.522,968.895
2,1,381825.466,11932.046,11921.144,11944.498,5.561,39213709397.317,1372.759,980.343
4,1,182968.522,5717.766,5709.848,5726.104,3.568,81832616282.351,2660.127,2045.815
8,1,147233.904,4601.060,4597.948,4605.617,2.093,101693919884.212,3178.630,2542.348
16,1,122624.696,3832.022,3826.518,3838.698,3.257,122102588843.795,3740.221,3052.565
32,1,137140.130,4285.629,4283.409,4289.746,1.497,109178785977.644,3310.220,2729.470
64,1,141845.522,4432.673,4428.991,4436.144,2.082,105557036203.650,3183.917,2638.926
128,1,139444.190,4357.631,4353.518,4361.574,1.880,107374805792.196,3230.357,2684.370
# best: { min_ms: 3826.518, max_ms: 3838.698, sum_ms: 122624.696, avg_ms: 3832.022, ppwi: 16, wgsize: 1 }

=== threads=72 ===
[2026-08-26T01:14:06.266] error: *** JOB 5700584 ON x3003c0s13b3n0 CANCELLED AT 2026-08-26T01:14:06 DUE TO TIME LIMIT ***
