### host: x3003c0s21b1n0
### date: Wed Aug 26 07:02:58 AM UTC 2026
### modules:

Currently Loaded Modules:
  1) brics/userenv/2.7   5) craype-network-ofi   9) cray-libsci/26.03.0
  2) brics/default/1.0   6) PrgEnv-gnu/8.7.0    10) craype-arm-grace
  3) craype/2.7.36       7) gcc-native/14
  4) libfabric/2.3.1     8) cray-mpich/9.1.0

 


=== threads=144 ===
# (ppwi=1,wgsize=1,valid=1)
# (ppwi=2,wgsize=1,valid=1)
# (ppwi=4,wgsize=1,valid=1)
# (ppwi=8,wgsize=1,valid=1)
# (ppwi=16,wgsize=1,valid=1)
# (ppwi=32,wgsize=1,valid=1)
# (ppwi=64,wgsize=1,valid=1)
# (ppwi=128,wgsize=1,valid=1)
ppwi,wgsize,sum_ms,avg_ms,min_ms,max_ms,stddev_ms,interactions/s,gflops/s,gfinst/s
1,1,386472.517,12077.266,11954.164,12145.797,55.115,38742193072.957,1549.978,968.555
2,1,392155.899,12254.872,12236.407,12268.010,5.249,38180715604.436,1336.597,954.518
4,1,187923.030,5872.595,5858.246,5882.461,5.213,79675135307.356,2589.994,1991.878
8,1,151769.856,4742.808,4735.296,4752.519,3.608,98654589611.950,3083.630,2466.365
16,1,125965.845,3936.433,3931.322,3941.077,2.395,118863910189.270,3641.014,2971.598
32,1,141322.004,4416.313,4408.718,4423.708,3.571,105948065290.126,3212.267,2648.702
64,1,145103.053,4534.470,4523.962,4545.509,4.956,103187303926.057,3112.439,2579.683
128,1,143063.674,4470.740,4462.889,4479.652,3.374,104658244054.526,3148.630,2616.456
# best: { min_ms: 3931.322, max_ms: 3941.077, sum_ms: 125965.845, avg_ms: 3936.433, ppwi: 16, wgsize: 1 }

=== threads=72 ===
# (ppwi=1,wgsize=1,valid=1)
# (ppwi=2,wgsize=1,valid=1)
[2026-08-26T08:03:12.018] error: *** JOB 5704622 ON x3003c0s21b1n0 CANCELLED AT 2026-08-26T08:03:12 DUE TO TIME LIMIT ***
