      :-) GROMACS - gmx mdrun, 2026.3-dev-20260625-1210900145-unknown (-:

Copyright 1991-2026 The GROMACS Authors.
GROMACS is free software; you can redistribute it and/or modify it
under the terms of the GNU Lesser General Public License
as published by the Free Software Foundation; either version 2.1
of the License, or (at your option) any later version.

                         Current GROMACS contributors:
       Mark Abraham           Andrey Alekseenko           Brian Andrews       
        Paul Bauer              Cathrine Bergh              Hugh Bird         
      Eliane Briand               Ania Brown                Yiqi Chen         
      Mahesh Doijade            Giacomo Fiorin          Stefan Fleischmann    
      Sergey Gorelov         Gilles Gouaillardet            Alan Gray         
   Farzaneh Jalalypour         Petter Johansson          Carsten Kutzner      
    Grzegorz Łazarski         Justin A. Lemkul          Magnus Lundborg      
        Julio Maia               Pascal Merz             Vedran Miletić      
      Dmitry Morozov           Lukas Müllender           Szilárd Páll      
 Andrea Pasquadibisceglie     Michele Pellegrino         Nicola Piasentin     
     Daniele Rapetti         Muhammad Umair Sadiq         Hubert Santuz       
      Michael Shirts           Tatiana Shugaeva          Alexey Shvetsov      
     Bálint Soproni            Philip Turner            Alessandra Villa     
        Yang Zhang        

                         Previous GROMACS contributors:
        Emile Apol             Rossen Apostolov           James Barnett       
      Vladimir Basov        Herman J.C. Berendsen          Par Bjelkmar       
      Christian Blau          Viacheslav Bolnykh            Kevin Boyd        
    Aldert van Buuren          Carlo Camilloni           Rudi van Drunen      
      Anton Feenstra           Oliver Fleetwood            Vytas Gapsys       
       Gaurav Garg             Gerrit Groenhof            Bert de Groot       
      Anca Hamuraru           Vincent Hindriksen          Victor Holanda      
     M. Eric Irrgang           Aleksei Iupinov              Joe Jordan        
    Christoph Junghans        Prashanth Kanduri        Dimitrios Karkoulis    
       Peter Kasson             Sebastian Kehl           Sebastian Keller     
        Jiri Kraus               Per Larsson              Viveca Lindahl      
      Erik Marklund           Pieter Meulenhoff           Teemu Murtola       
       Julien Nabet              Sander Pronk             Roland Schulz       
      Alfons Sijbers         David van der Spoel          Peter Tieleman      
      Carsten Uphoff             Jon Vincent             Teemu Virolainen     
    Christian Wennberg     Sebastian Wingbermühle         Maarten Wolf       
      Artem Zhmurov       

                  Coordinated by the GROMACS project leaders:
                           Berk Hess and Erik Lindahl

GROMACS:      gmx mdrun, version 2026.3-dev-20260625-1210900145-unknown
Executable:   /lfs1i3/home/b36ay/nobl3.b36ay/assignment_3/gromacs/run-baseline/../build/bin/gmx_mpi
Data prefix:  /home/b36ay/nobl3.b36ay/assignment_3/gromacs/source (source tree)
Working dir:  /lfs1i3/home/b36ay/nobl3.b36ay/assignment_3/gromacs/run-baseline
Process ID:   1764752
Command line:
  gmx_mpi mdrun -s ../benchmark/benchMEM.tpr -deffnm benchMEM-5707549 -ntomp 2

GROMACS version:     2026.3-dev-20260625-1210900145-unknown
GIT SHA1 hash:       121090014570a53a17ea391bcddae45e5ea05eb4
Branched from:       unknown
Precision:           mixed
Memory model:        64 bit
MPI library:         MPI
MPI version:         MPI VERSION    : CRAY MPICH version 9.1.0.794 (ANL base 4.3.0a1) MPI BUILD INFO : Fri Jan 16 12:11 2026 (git hash ef29dc0-dirty) 
OpenMP support:      enabled (GMX_OPENMP_MAX_THREADS = 128)
GPU support:         disabled
SIMD instructions:   ARM_NEON_ASIMD
CPU FFT library:     commercial-fftw-3.3.10-neon
GPU FFT library:     none
Multi-GPU FFT:       none
TNG support:         enabled
Hwloc support:       disabled
Tracing support:     disabled
Colvars support:     enabled (version 2025-10-13)
CP2K support:        disabled
Torch support:       disabled
Plumed support:      enabled
C compiler:          /opt/cray/pe/craype/2.7.36/bin/cc GNU 14.3.0
C compiler flags:    -Wno-array-bounds -fexcess-precision=fast -funroll-all-loops -Wall -Wno-unused -Wunused-value -Wunused-parameter -Wextra -Wno-sign-compare -Wpointer-arith -Wpedantic -Wundef -Werror=stringop-truncation -Wshadow -Wno-missing-field-initializers -O3 -DNDEBUG
C++ compiler:        /opt/cray/pe/craype/2.7.36/bin/CC GNU 14.3.0
C++ compiler flags:  -Wno-array-bounds -fexcess-precision=fast -funroll-all-loops -Wall -Wextra -Wpointer-arith -Wmissing-declarations -Wpedantic -Wundef -Wstringop-truncation -Wshadow -Wno-missing-field-initializers -Wno-stringop-truncation -Wno-old-style-cast -Wno-cast-qual -Wno-suggest-override -Wno-suggest-destructor-override -Wno-zero-as-null-pointer-constant -Wno-cast-function-type-strict SHELL:-fopenmp -O3 -DNDEBUG
BLAS library:        External - detected on the system
LAPACK library:      External - detected on the system


Running on 2 nodes with total 288 cores, 288 processing units
  Cores per node:           144
  Logical processing units per node:   144
  OS CPU Limit / recommended threads to start per node:   144
Hardware detected on host x3009c0s3b1n0 (the node of MPI rank 0):
  CPU info:
    Vendor: ARM
    Brand:  0xd4f
    Family: 8   Model: 0   Stepping: 0
    Features: neon neon_asimd sve
  Hardware topology: Basic
    Packages, cores, and logical processors:
    [indices refer to OS logical processors]
      Package 56: [   0] [   1] [   2] [   3] [   4] [   5] [   6] [   7] [   8] [   9] [  10] [  11] [  12] [  13] [  14] [  15] [  16] [  17] [  18] [  19] [  20] [  21] [  22] [  23] [  24] [  25] [  26] [  27] [  28] [  29] [  30] [  31] [  32] [  33] [  34] [  35] [  36] [  37] [  38] [  39] [  40] [  41] [  42] [  43] [  44] [  45] [  46] [  47] [  48] [  49] [  50] [  51] [  52] [  53] [  54] [  55] [  56] [  57] [  58] [  59] [  60] [  61] [  62] [  63] [  64] [  65] [  66] [  67] [  68] [  69] [  70] [  71]
      Package 2384: [  72] [  73] [  74] [  75] [  76] [  77] [  78] [  79] [  80] [  81] [  82] [  83] [  84] [  85] [  86] [  87] [  88] [  89] [  90] [  91] [  92] [  93] [  94] [  95] [  96] [  97] [  98] [  99] [ 100] [ 101] [ 102] [ 103] [ 104] [ 105] [ 106] [ 107] [ 108] [ 109] [ 110] [ 111] [ 112] [ 113] [ 114] [ 115] [ 116] [ 117] [ 118] [ 119] [ 120] [ 121] [ 122] [ 123] [ 124] [ 125] [ 126] [ 127] [ 128] [ 129] [ 130] [ 131] [ 132] [ 133] [ 134] [ 135] [ 136] [ 137] [ 138] [ 139] [ 140] [ 141] [ 142] [ 143]
    CPU limit set by OS: -1   Recommended max number of threads: 144

There are multiple SIMD instruction sets that are supported by all nodes but
the best cannot be determined. Check the install guide SIMD Support section
for recommendations for your particular case.
SIMD instructions selected at compile time: ARM_NEON_ASIMD

++++ PLEASE READ AND CITE THE FOLLOWING REFERENCE ++++
M. J. Abraham, T. Murtola, R. Schulz, S. Páll, J. C. Smith, B. Hess, E.
Lindahl
GROMACS: High performance molecular simulations through multi-level
parallelism from laptops to supercomputers
SoftwareX (2015)
https://doi.org/10.1016/j.softx.2015.06.001
-------- -------- --- Thank You --- -------- --------


++++ PLEASE READ AND CITE THE FOLLOWING REFERENCE ++++
S. Páll, M. J. Abraham, C. Kutzner, B. Hess, E. Lindahl
Tackling Exascale Software Challenges in Molecular Dynamics Simulations with
GROMACS
In S. Markidis & E. Laure (Eds.), Solving Software Challenges for Exascale (2015)
https://doi.org/10.1007/978-3-319-15976-8_1
-------- -------- --- Thank You --- -------- --------


++++ PLEASE READ AND CITE THE FOLLOWING REFERENCE ++++
S. Pronk, S. Páll, R. Schulz, P. Larsson, P. Bjelkmar, R. Apostolov, M. R.
Shirts, J. C. Smith, P. M. Kasson, D. van der Spoel, B. Hess, E. Lindahl
GROMACS 4.5: a high-throughput and highly parallel open source molecular
simulation toolkit
Bioinformatics (2013)
https://doi.org/10.1093/bioinformatics/btt055
-------- -------- --- Thank You --- -------- --------


++++ PLEASE READ AND CITE THE FOLLOWING REFERENCE ++++
B. Hess, C. Kutzner, D. van der Spoel, E. Lindahl
GROMACS 4: Algorithms for highly efficient, load-balanced, and scalable
molecular simulation
J. Chem. Theory Comput. (2008)
https://doi.org/10.1021/ct700301q
-------- -------- --- Thank You --- -------- --------


++++ PLEASE READ AND CITE THE FOLLOWING REFERENCE ++++
D. van der Spoel, E. Lindahl, B. Hess, G. Groenhof, A. E. Mark, H. J. C.
Berendsen
GROMACS: Fast, Flexible and Free
J. Comp. Chem. (2005)
https://doi.org/10.1002/jcc.20291
-------- -------- --- Thank You --- -------- --------


++++ PLEASE READ AND CITE THE FOLLOWING REFERENCE ++++
E. Lindahl, B. Hess, D. van der Spoel
GROMACS 3.0: A package for molecular simulation and trajectory analysis
J. Mol. Mod. (2001)
https://doi.org/10.1007/s008940100045
-------- -------- --- Thank You --- -------- --------


++++ PLEASE READ AND CITE THE FOLLOWING REFERENCE ++++
H. J. C. Berendsen, D. van der Spoel and R. van Drunen
GROMACS: A message-passing parallel molecular dynamics implementation
Comp. Phys. Comm. (1995)
https://doi.org/10.1016/0010-4655(95)00042-E
-------- -------- --- Thank You --- -------- --------


++++ PLEASE CITE THE DOI FOR THIS VERSION OF GROMACS ++++
https://doi.org/10.5281/zenodo.20845217
-------- -------- --- Thank You --- -------- --------


The number of OpenMP threads was set by environment variable OMP_NUM_THREADS to 2 (and the command-line setting agreed with that)

Input Parameters:
   integrator                     = md
   tinit                          = 0
   dt                             = 0.002
   nsteps                         = 10000
   init-step                      = 0
   simulation-part                = 1
   mts                            = false
   mass-repartition-factor        = 1
   comm-mode                      = Linear
   nstcomm                        = 100
   bd-fric                        = 0
   ld-seed                        = 1993
   emtol                          = 1e-06
   emstep                         = 0.01
   niter                          = 100
   fcstep                         = 0
   nstcgsteep                     = 1000
   nbfgscorr                      = 10
   rtpi                           = 0.05
   nstxout                        = 0
   nstvout                        = 0
   nstfout                        = 0
   nstlog                         = 0
   nstcalcenergy                  = 100
   nstenergy                      = 0
   nstxout-compressed             = 0
   compressed-x-precision         = 1000
   cutoff-scheme                  = Verlet
   nstlist                        = 10
   pbc                            = xyz
   periodic-molecules             = false
   verlet-buffer-tolerance        = 0.005
   verlet-buffer-pressure-tolerance = -1
   rlist                          = 1
   coulombtype                    = PME
   coulomb-modifier               = Potential-shift
   rcoulomb-switch                = 0
   rcoulomb                       = 1
   epsilon-r                      = 1
   epsilon-rf                     = 1
   vdw-type                       = Cut-off
   vdw-modifier                   = Potential-shift
   rvdw-switch                    = 1.2
   rvdw                           = 1
   DispCorr                       = No
   table-extension                = 1
   fourierspacing                 = 0.12
   fourier-nx                     = 96
   fourier-ny                     = 96
   fourier-nz                     = 80
   pme-order                      = 4
   ewald-rtol                     = 1e-05
   ewald-rtol-lj                  = 1e-05
   lj-pme-comb-rule               = Geometric
   ewald-geometry                 = 3d
   epsilon-surface                = 0
   ensemble-temperature-setting   = constant
   ensemble-temperature           = 300
   tcoupl                         = Berendsen
   nsttcouple                     = 10
   nh-chain-length                = 0
   print-nose-hoover-chain-variables = false
   pcoupl                         = Berendsen
   pcoupltype                     = Isotropic
   nstpcouple                     = 10
   tau-p                          = 1
   compressibility (3x3):
      compressibility[    0]={ 4.50000e-05,  0.00000e+00,  0.00000e+00}
      compressibility[    1]={ 0.00000e+00,  4.50000e-05,  0.00000e+00}
      compressibility[    2]={ 0.00000e+00,  0.00000e+00,  4.50000e-05}
   ref-p (3x3):
      ref-p[    0]={ 1.00000e+00,  0.00000e+00,  0.00000e+00}
      ref-p[    1]={ 0.00000e+00,  1.00000e+00,  0.00000e+00}
      ref-p[    2]={ 0.00000e+00,  0.00000e+00,  1.00000e+00}
   refcoord-scaling               = No
   posres-com (0x3):
   posres-comB (0x3):
   QMMM                           = false
qm-opts:
   ngQM                           = 0
   constraint-algorithm           = Lincs
   continuation                   = false
   Shake-SOR                      = false
   shake-tol                      = 0.0001
   lincs-order                    = 4
   lincs-iter                     = 1
   lincs-warnangle                = 30
   nwall                          = 0
   wall-type                      = 9-3
   wall-r-linpot                  = -1
   wall-atomtype[0]               = -1
   wall-atomtype[1]               = -1
   wall-density[0]                = 0
   wall-density[1]                = 0
   wall-ewald-zfac                = 3
   pull                           = false
   awh                            = false
   rotation                       = false
   interactiveMD                  = false
   disre                          = No
   disre-weighting                = Equal
   disre-mixed                    = false
   dr-fc                          = 1000
   dr-tau                         = 1.25
   nstdisreout                    = 100
   orire-fc                       = 0
   orire-tau                      = 0
   nstorireout                    = 100
   free-energy                    = no
   cos-acceleration               = 0
   deform (3x3):
      deform[    0]={ 0.00000e+00,  0.00000e+00,  0.00000e+00}
      deform[    1]={ 0.00000e+00,  0.00000e+00,  0.00000e+00}
      deform[    2]={ 0.00000e+00,  0.00000e+00,  0.00000e+00}
   simulated-tempering            = false
   swapcoords                     = no
   userint1                       = 0
   userint2                       = 0
   userint3                       = 0
   userint4                       = 0
   userreal1                      = 0
   userreal2                      = 0
   userreal3                      = 0
   userreal4                      = 0
   applied-forces:
     electric-field:
grpopts:
   nrdf:      163634
   ref-t:         300
   tau-t:         0.1
annealing:          No
annealing-npoints:           0
   acc:	           0           0           0
   nfreeze:           N           N           N
   energygrp-flags[  0]: 0

Changing nstlist from 10 to 80, rlist from 1 to 1.109

Update groups can not be used for this system because there are three or more consecutively coupled constraints

Initializing Domain Decomposition on 144 ranks
Dynamic load balancing: auto
Minimum cell size due to atom displacement: 0.627 nm
Initial maximum distances in bonded interactions:
    two-body bonded interactions: 0.424 nm, LJ-14, atoms 4910 4912
  multi-body bonded interactions: 0.416 nm, Proper Dih., atoms 3727 3731
Minimum cell size due to bonded interactions: 0.457 nm
Maximum distance for 5 constraints, at 120 deg. angles, all-trans: 0.820 nm
Estimated maximum distance required for P-LINCS: 0.820 nm
This distance will limit the DD cell size, you can override this with -rcon
Scaling the initial minimum size with 1/0.8 (option -dds) = 1.25
Guess for relative PME load: 0.23
Will use 108 particle-particle and 36 PME only ranks
This is a guess, check the performance at the end of the log file
Using 36 separate PME ranks, as guessed by mdrun
Optimizing the DD grid for 108 cells with a minimum initial size of 1.025 nm
The maximum allowed number of cells is: X 10 Y 9 Z 9
Domain decomposition grid 6 x 6 x 3, separate PME ranks 36
PME domain decomposition: 6 x 6 x 1
Interleaving PP and PME ranks
This rank does only particle-particle work.
Domain decomposition rank 0, coordinates 0 0 0

The initial number of communication pulses is: X 1 Y 1 Z 1
The initial domain decomposition cell size is: X 1.80 nm Y 1.70 nm Z 3.18 nm

The maximum allowed distance for atoms involved in interactions is:
                 non-bonded interactions           1.109 nm
(the following are initial values, they could change due to box deformation)
            two-body bonded interactions  (-rdd)   1.109 nm
          multi-body bonded interactions  (-rdd)   1.109 nm
  atoms separated by up to 5 constraints  (-rcon)  1.697 nm

When dynamic load balancing gets turned on, these settings will change to:
The maximum number of communication pulses is: X 1 Y 1 Z 1
The minimum size for domain decomposition cells is 1.109 nm
The requested allowed shrink of DD cells (option -dds) is: 0.80
The allowed shrink of domain decomposition cells is: X 0.62 Y 0.65 Z 0.35
The maximum allowed distance for atoms involved in interactions is:
                 non-bonded interactions           1.109 nm
            two-body bonded interactions  (-rdd)   1.109 nm
          multi-body bonded interactions  (-rdd)   1.109 nm
  atoms separated by up to 5 constraints  (-rcon)  1.109 nm

Using two-step summing over 2 groups of on average 54.0 ranks

Local state does not use filler particles

Using 144 MPI processes
Using 2 OpenMP threads per MPI process

System total charge: 0.000
Will do PME sum in reciprocal space for electrostatic interactions.

++++ PLEASE READ AND CITE THE FOLLOWING REFERENCE ++++
U. Essmann, L. Perera, M. L. Berkowitz, T. Darden, H. Lee, L. G. Pedersen 
A smooth particle mesh Ewald method
J. Chem. Phys. (1995)
https://doi.org/10.1063/1.470117
-------- -------- --- Thank You --- -------- --------

Using a Gaussian width (1/beta) of 0.320163 nm for Ewald
Potential shift: LJ r^-12: -1.000e+00 r^-6: -1.000e+00, Ewald -1.000e-05
Initialized non-bonded Coulomb Ewald tables, spacing: 9.33e-04 size: 1073

Generated table with 1054 data points for 1-4 COUL.
Tabscale = 500 points/nm
Generated table with 1054 data points for 1-4 LJ6.
Tabscale = 500 points/nm
Generated table with 1054 data points for 1-4 LJ12.
Tabscale = 500 points/nm


Using SIMD4xM 4x4 nonbonded short-range kernels

Using a dual 4x4 pair-list setup updated with dynamic pruning:
  outer list: updated every 80 steps, buffer 0.109 nm, rlist 1.109 nm
  inner list: updated every 14 steps, buffer 0.000 nm, rlist 1.000 nm
At tolerance 0.005 kJ/mol/ps per atom, equivalent classical 1x1 list would be:
  outer list: updated every 80 steps, buffer 0.252 nm, rlist 1.252 nm
  inner list: updated every 14 steps, buffer 0.048 nm, rlist 1.048 nm

The average pressure is off by at most 2.18 bar due to missing LJ interactions

Using full Lennard-Jones parameter combination matrix
Removing pbc first time

Linking all bonded interactions to atoms


Initializing Parallel LINear Constraint Solver

++++ PLEASE READ AND CITE THE FOLLOWING REFERENCE ++++
B. Hess
P-LINCS: A Parallel Linear Constraint Solver for molecular simulation
J. Chem. Theory Comput. (2008)
https://doi.org/10.1021/ct700200b
-------- -------- --- Thank You --- -------- --------

The number of constraints is 22285
There are constraints between atoms in different decomposition domains,
will communicate selected coordinates each lincs iteration

++++ PLEASE READ AND CITE THE FOLLOWING REFERENCE ++++
S. Miyamoto, P. A. Kollman
SETTLE: An Analytical Version of the SHAKE and RATTLE Algorithms for Rigid
Water Models
J. Comp. Chem. (1992)
https://doi.org/10.1002/jcc.540130805
-------- -------- --- Thank You --- -------- --------


Intra-simulation communication will occur every 10 steps.

++++ PLEASE READ AND CITE THE FOLLOWING REFERENCE ++++
H. J. C. Berendsen, J. P. M. Postma, A. DiNola and J. R. Haak
Molecular dynamics with coupling to an external bath
J. Chem. Phys. (1984)
https://doi.org/10.1063/1.448118
-------- -------- --- Thank You --- -------- --------

There are: 81743 Atoms
Atom distribution over 108 domains: av 756 stddev 230 min 326 max 971

Constraining the starting coordinates (step 0)

Constraining the coordinates at t0-dt (step 0)
Center of mass motion removal mode is Linear
We have the following groups for center of mass motion removal:
  0:  rest
RMS relative constraint deviation after constraining: 6.75e-06
Initial temperature: 301.849 K

Started mdrun on rank 0 Wed Aug 26 14:21:42 2026

           Step           Time
              0        0.00000

   Energies (kJ/mol)
          Angle    Proper Dih. Ryckaert-Bell.  Improper Dih.          LJ-14
    5.36318e+04    1.72954e+04    1.37537e+04    5.80913e+03    2.73783e+04
     Coulomb-14        LJ (SR)   Coulomb (SR)   Coul. recip.      Potential
    9.80264e+04    4.92496e+04   -1.56493e+06    1.19682e+04   -1.28782e+06
    Kinetic En.   Total Energy  Conserved En.    Temperature Pressure (bar)
    2.05439e+05   -1.08238e+06   -1.08242e+06    3.01998e+02    4.12887e+02
   Constr. rmsd
    1.53907e-05


DD  step 79 load imb.: force 30.9%  pme mesh/force 0.979

step 160 Turning on dynamic load balancing, because the performance loss due to load imbalance is 15.8 %.
step 8240: timed with pme grid 96 96 80, coulomb cutoff 1.000: 46.7 M-cycles
step 8400: timed with pme grid 84 80 80, coulomb cutoff 1.070: 45.6 M-cycles
step 8400: the domain decomposition limits the PME load balancing to a coulomb cut-off of 1.124
step 8560: timed with pme grid 80 80 72, coulomb cutoff 1.124: 50.0 M-cycles
step 8720: timed with pme grid 84 80 72, coulomb cutoff 1.105: 48.3 M-cycles
step 8880: timed with pme grid 84 80 80, coulomb cutoff 1.070: 94.9 M-cycles
step 9040: timed with pme grid 96 80 80, coulomb cutoff 1.061: 44.8 M-cycles
step 9200: timed with pme grid 96 84 80, coulomb cutoff 1.010: 44.8 M-cycles
step 9360: timed with pme grid 96 96 80, coulomb cutoff 1.000: 52.2 M-cycles
              optimal pme grid 96 80 80, coulomb cutoff 1.061

DD  step 9999  vol min/aver 0.684  load imb.: force  6.6%  pme mesh/force 1.045
           Step           Time
          10000       20.00000

Writing checkpoint, step 10000 at Wed Aug 26 14:21:48 2026


   Energies (kJ/mol)
          Angle    Proper Dih. Ryckaert-Bell.  Improper Dih.          LJ-14
    5.21472e+04    1.77052e+04    1.36712e+04    5.61470e+03    2.62449e+04
     Coulomb-14        LJ (SR)   Coulomb (SR)   Coul. recip.      Potential
    9.75011e+04    4.71429e+04   -1.56310e+06    9.42458e+03   -1.29365e+06
    Kinetic En.   Total Energy  Conserved En.    Temperature Pressure (bar)
    2.04726e+05   -1.08892e+06   -1.08360e+06    3.00950e+02   -1.46110e+02
   Constr. rmsd
    1.62457e-05


Energy conservation over simulation part #1 of length 20 ps, time 0 to 20 ps
  Conserved energy drift: -7.22e-04 kJ/mol/ps per atom


	<======  ###############  ==>
	<====  A V E R A G E S  ====>
	<==  ###############  ======>

	Statistics over 10001 steps using 101 frames

   Energies (kJ/mol)
          Angle    Proper Dih. Ryckaert-Bell.  Improper Dih.          LJ-14
    5.24040e+04    1.78743e+04    1.37382e+04    5.82628e+03    2.64059e+04
     Coulomb-14        LJ (SR)   Coulomb (SR)   Coul. recip.      Potential
    9.77101e+04    4.75581e+04   -1.56458e+06    1.13067e+04   -1.29175e+06
    Kinetic En.   Total Energy  Conserved En.    Temperature Pressure (bar)
    2.04170e+05   -1.08758e+06   -1.08306e+06    3.00133e+02    8.66736e-01
   Constr. rmsd
    0.00000e+00

          Box-X          Box-Y          Box-Z
    1.07890e+01    1.01847e+01    9.55251e+00

   Total Virial (kJ/mol)
    6.78696e+04   -3.20613e+02   -1.28342e+02
   -3.20558e+02    6.94117e+04    4.58462e+02
   -1.30176e+02    4.57005e+02    6.68061e+04

   Pressure (bar)
    3.30565e+01    1.01665e+01    5.08537e+00
    1.01647e+01   -1.89632e+01   -1.35298e+01
    5.14340e+00   -1.34837e+01   -1.14931e+01


       P P   -   P M E   L O A D   B A L A N C I N G

 PP/PME load balancing changed the cut-off and PME settings:
           particle-particle                    PME
            rcoulomb  rlist            grid      spacing   1/beta
   initial  1.000 nm  1.000 nm      96  96  80   0.119 nm  0.320 nm
   final    1.061 nm  1.061 nm      96  80  80   0.127 nm  0.340 nm
 cost-ratio           1.19             0.83
 (note that these numbers concern only part of the total PP and PME load)


	M E G A - F L O P S   A C C O U N T I N G

 NB=Group-cutoff nonbonded kernels    NxN=N-by-N cluster Verlet kernels
 RF=Reaction-Field  VdW=Van der Waals  QSTab=quadratic-spline table
 W3=SPC/TIP3p  W4=TIP4p (single or pairs)
 V&F=Potential and force  V=Potential only  F=Force only

 Computing:                               M-Number         M-Flops  % Flops
-----------------------------------------------------------------------------
 Pair Search distance check            3462.120302       31159.083     0.1
 NxN Ewald Elec. + LJ [F]            204077.055936    13469085.692    49.8
 NxN Ewald Elec. + LJ [V&F]            2084.264928      223016.347     0.8
 NxN LJ [F]                           19815.615376      653915.307     2.4
 NxN LJ [V&F]                           202.511264        8707.984     0.0
 NxN Ewald Elec. [F]                 152769.860256     9318961.476    34.4
 NxN Ewald Elec. [V&F]                 1560.622608      131092.299     0.5
 1,4 nonbonded interactions             231.583156       20842.484     0.1
 Calc Weights                          2452.535229       88291.268     0.3
 Spread Q Bspline                     52320.751552      104641.503     0.4
 Gather F Bspline                     52320.751552      313924.509     1.2
 3D-FFT                              276590.113652     2212720.909     8.2
 Solve PME                             3644.945920      233276.539     0.9
 Reset In Box                            10.299618          30.899     0.0
 CG-CoM                                  10.381361          31.144     0.0
 Angles                                 283.638361       47651.245     0.2
 Propers                                111.121111       25446.734     0.1
 Impropers                               54.645464       11366.257     0.0
 RB-Dihedrals                            62.336233       15397.050     0.1
 Virial                                  86.689603        1560.413     0.0
 Stop-CM                                  8.337786          83.378     0.0
 P-Coupling                              81.824743         490.948     0.0
 Calc-Ekin                              163.649486        4418.536     0.0
 Lincs                                  369.039005       22142.340     0.1
 Lincs-Mat                             5636.376708       22545.507     0.1
 Constraint-V                          1417.959751       12761.638     0.0
 Constraint-Vir                         104.979479        2519.507     0.0
 Settle                                 226.678024       83870.869     0.3
-----------------------------------------------------------------------------
 Total                                                27059951.866   100.0
-----------------------------------------------------------------------------


    D O M A I N   D E C O M P O S I T I O N   S T A T I S T I C S

 av. #atoms communicated per step for force:  2 x 215609.7
 av. #atoms communicated per step for LINCS:  2 x 25220.4


Dynamic load balancing report:
 DLB was turned on during the run due to measured imbalance.
 Average load imbalance: 6.3%.
 The balanceable part of the MD step is 56%, load imbalance is computed from this.
 Part of the total run time spent waiting due to load imbalance: 3.5%.
 Steps where the load balancing was limited by -rdd, -rcon and/or -dds: X 0 % Y 0 % Z 0 %
 Average PME mesh/force load: 1.282
 Part of the total run time spent waiting due to PP/PME imbalance: 12.7 %

NOTE: 12.7 % performance was lost because the PME ranks
      had more work to do than the PP ranks.
      You might want to increase the number of PME ranks
      or increase the cut-off and the grid spacing.


      R E A L   C Y C L E   A N D   T I M E   A C C O U N T I N G

On 108 MPI ranks doing PP, each using 2 OpenMP threads, and
on 36 MPI ranks doing PME, each using 2 OpenMP threads

 Activity:              Num   Num      Call    Wall time         Giga-Cycles
                        Ranks Threads  Count      (s)         total sum    %
--------------------------------------------------------------------------------
 Domain decomp.          108    2        126       0.075         16.240   0.9
 DD comm. load           108    2        125       0.001          0.130   0.0
 DD comm. bounds         108    2        124       0.004          0.899   0.0
 Send X to PME           108    2      10001       0.148         31.960   1.7
 Neighbor search         108    2        126       0.071         15.426   0.8
 Comm. coord.            108    2       9875       0.340         73.500   4.0
 Force                   108    2      10001       2.926        631.999  34.1
 Wait + Comm. F          108    2      10001       0.483        104.377   5.6
 PME mesh *               36    2      10001       4.758        342.553  18.5
 PME wait for PP *                                 1.684        121.265   6.5
 Wait + Recv. PME F      108    2      10001       1.132        244.593  13.2
 NB X/F buffer ops.      108    2      29877       0.116         25.137   1.4
 Write traj.             108    2          1       0.005          0.999   0.1
 Update                  108    2      10001       0.064         13.920   0.8
 Constraints             108    2      10003       0.964        208.119  11.2
 Kinetic energy          108    2       2001       0.005          1.170   0.1
 Comm. energies          108    2       1001       0.071         15.364   0.8
 Rest                                              0.036          7.798   0.4
--------------------------------------------------------------------------------
 Total                                             6.443       1855.509 100.0
--------------------------------------------------------------------------------
(*) Note that with separate PME ranks, the walltime column actually sums to
    twice the total reported, but the cycle count total and % are correct.
--------------------------------------------------------------------------------
 Breakdown of PME mesh activities
--------------------------------------------------------------------------------
 PME redist. X/F          36    2      20002       0.894         64.368   3.5
 PME spread               36    2      10001       0.888         63.940   3.4
 PME gather               36    2      10001       0.555         39.981   2.2
 PME 3D-FFT               36    2      20002       1.066         76.715   4.1
 PME 3D-FFT Comm.         36    2      40004       1.226         88.301   4.8
 PME solve Elec           36    2      10001       0.116          8.335   0.4
--------------------------------------------------------------------------------
 Note that the cycle count and % columns are weighted by the number of ranks,
 while walltimes are not. Hence, with separate PME ranks, the fraction of each
 activity's walltime does not correspond to the cycle %.
--------------------------------------------------------------------------------

               Core t (s)   Wall t (s)        (%)
       Time:     1855.426        6.443    28798.0
                 (ns/day)    (hour/ns)    (ms/step)  (Matom*steps/s) 
Performance:      268.229        0.089        0.644          126.886 
Finished mdrun on rank 0 Wed Aug 26 14:21:48 2026
