Running "module reset". Resetting modules to system default. The following $MODULEPATH directories have been removed: None
=== JOB 5729010 ===

Currently Loaded Modules:
  1) brics/userenv/2.7   5) craype-arm-grace     9) cray-libsci/26.03.0
  2) brics/default/1.0   6) libfabric/2.3.1     10) PrgEnv-gnu/8.7.0
  3) gcc-native/14       7) craype-network-ofi  11) cray-fftw/3.3.10.11
  4) craype/2.7.36       8) cray-mpich/9.1.0    12) craype-hugepages2M

 

x3003c0s13b3n0
x3003c0s13b4n0

srun: Job step's --cpus-per-task value exceeds that of job (2 > 1). Job step may never run.
srun: warning: can't honor --ntasks-per-node set to 72 which doesn't match the requested tasks 288 with the maximum number of requested nodes 2. Ignoring --ntasks-per-node.
srun: error: Unable to create step for job 5729010: More processors requested than permitted
srun: Job step's --cpus-per-task value exceeds that of job (2 > 1). Job step may never run.
srun: warning: can't honor --ntasks-per-node set to 72 which doesn't match the requested tasks 288 with the maximum number of requested nodes 2. Ignoring --ntasks-per-node.
srun: error: Unable to create step for job 5729010: More processors requested than permitted
srun: Job step's --cpus-per-task value exceeds that of job (2 > 1). Job step may never run.
srun: warning: can't honor --ntasks-per-node set to 72 which doesn't match the requested tasks 288 with the maximum number of requested nodes 2. Ignoring --ntasks-per-node.
srun: error: Unable to create step for job 5729010: More processors requested than permitted
          :-) GROMACS - gmx mdrun, 2027.0-dev-20260903-12c242ba2d (-:

Executable:   /lfs1i3/home/b36ay/dilaramksh.b36ay/pair-assignment/gromacs/run-baseline/../build/bin/gmx_mpi
Data prefix:  /home/b36ay/dilaramksh.b36ay/pair-assignment/gromacs (source tree)
Working dir:  /lfs1i3/home/b36ay/dilaramksh.b36ay/pair-assignment/gromacs/run-baseline
Command line:
  gmx_mpi mdrun -s ../benchmark/benchMEM.tpr -ntomp 1 -deffnm npme96_2 -noconfout -dlb yes -npme 96

There are multiple SIMD instruction sets that are supported by all nodes but
the best cannot be determined. Check the install guide SIMD Support section
for recommendations for your particular case.
SIMD instructions selected at compile time: ARM_NEON_ASIMD
Reading file ../benchmark/benchMEM.tpr, VERSION 4.6.3-dev-20130701-6e3ae9e (single precision)
Note: file tpx version 83, software tpx version 139
Changing nstlist from 10 to 80, rlist from 1 to 1.109

Update groups can not be used for this system because there are three or more consecutively coupled constraints

Using 288 MPI processes
Using 1 OpenMP thread per MPI process

starting mdrun 'Great Red Oystrich Makes All Chemists Sane'
10000 steps,     20.0 ps.


Dynamic load balancing report:
 DLB was permanently on during the run per user request.
 Average load imbalance: 8.8%.
 The balanceable part of the MD step is 70%, load imbalance is computed from this.
 Part of the total run time spent waiting due to load imbalance: 6.2%.
 Steps where the load balancing was limited by -rdd, -rcon and/or -dds: X 0 % Y 0 % Z 0 %
 Average PME mesh/force load: 1.082
 Part of the total run time spent waiting due to PP/PME imbalance: 4.3 %

NOTE: 6.2 % of the available CPU time was lost due to load imbalance
      in the domain decomposition.
      You can consider manually changing the decomposition (option -dd);
      e.g. by using fewer domains along the box dimension in which there is
      considerable inhomogeneity in the simulated system.

               Core t (s)   Wall t (s)        (%)
       Time:     1455.665        5.057    28785.7
                 (ns/day)    (hour/ns)    (ms/step)  (Matom*steps/s) 
Performance:      341.746        0.070        0.506          161.663 

GROMACS reminds you: "Even the *healthy* people move in clouds of cigarette smoke, women straining polyester, men in raggedly cutoffs slathering mayonnaise on foot-long hot dogs. It's as if the hotel were hosting a conference on adult onset diabetes" (Jess Walter)

[CRAYBLAS_WARNING] Application linked against multiple cray-libsci libraries
[CRAYBLAS_WARNING] Application linked against multiple cray-libsci libraries
[CRAYBLAS_WARNING] Application linked against multiple cray-libsci libraries
[CRAYBLAS_WARNING] Application linked against multiple cray-libsci libraries
[CRAYBLAS_WARNING] Application linked against multiple cray-libsci libraries
[CRAYBLAS_WARNING] Application linked against multiple cray-libsci libraries
[CRAYBLAS_WARNING] Application linked against multiple cray-libsci libraries
[CRAYBLAS_WARNING] Application linked against multiple cray-libsci libraries
[CRAYBLAS_WARNING] Application linked against multiple cray-libsci libraries
[CRAYBLAS_WARNING] Application linked against multiple cray-libsci libraries
[CRAYBLAS_WARNING] Application linked against multiple cray-libsci libraries
[CRAYBLAS_WARNING] Application linked against multiple cray-libsci libraries
[CRAYBLAS_WARNING] Application linked against multiple cray-libsci libraries
[CRAYBLAS_WARNING] Application linked against multiple cray-libsci libraries
[CRAYBLAS_WARNING] Application linked against multiple cray-libsci libraries
[CRAYBLAS_WARNING] Application linked against multiple cray-libsci libraries
[CRAYBLAS_WARNING] Application linked against multiple cray-libsci libraries
[CRAYBLAS_WARNING] Application linked against multiple cray-libsci libraries
[CRAYBLAS_WARNING] Application linked against multiple cray-libsci libraries
[CRAYBLAS_WARNING] Application linked against multiple cray-libsci libraries
[CRAYBLAS_WARNING] Application linked against multiple cray-libsci libraries
[CRAYBLAS_WARNING] Application linked against multiple cray-libsci libraries
[CRAYBLAS_WARNING] Application linked against multiple cray-libsci libraries
[CRAYBLAS_WARNING] Application linked against multiple cray-libsci libraries
[CRAYBLAS_WARNING] Application linked against multiple cray-libsci libraries
[CRAYBLAS_WARNING] Application linked against multiple cray-libsci libraries
[CRAYBLAS_WARNING] Application linked against multiple cray-libsci libraries
[CRAYBLAS_WARNING] Application linked against multiple cray-libsci libraries
[CRAYBLAS_WARNING] Application linked against multiple cray-libsci libraries
[CRAYBLAS_WARNING] Application linked against multiple cray-libsci libraries
[CRAYBLAS_WARNING] Application linked against multiple cray-libsci libraries
[CRAYBLAS_WARNING] Application linked against multiple cray-libsci libraries
[CRAYBLAS_WARNING] Application linked against multiple cray-libsci libraries
[CRAYBLAS_WARNING] Application linked against multiple cray-libsci libraries
[CRAYBLAS_WARNING] Application linked against multiple cray-libsci libraries
[CRAYBLAS_WARNING] Application linked against multiple cray-libsci libraries
[CRAYBLAS_WARNING] Application linked against multiple cray-libsci libraries
[CRAYBLAS_WARNING] Application linked against multiple cray-libsci libraries
[CRAYBLAS_WARNING] Application linked against multiple cray-libsci libraries
[CRAYBLAS_WARNING] Application linked against multiple cray-libsci libraries
[CRAYBLAS_WARNING] Application linked against multiple cray-libsci libraries
[CRAYBLAS_WARNING] Application linked against multiple cray-libsci libraries
[CRAYBLAS_WARNING] Application linked against multiple cray-libsci libraries
[CRAYBLAS_WARNING] Application linked against multiple cray-libsci libraries
[CRAYBLAS_WARNING] Application linked against multiple cray-libsci libraries
[CRAYBLAS_WARNING] Application linked against multiple cray-libsci libraries
[CRAYBLAS_WARNING] Application linked against multiple cray-libsci libraries
[CRAYBLAS_WARNING] Application linked against multiple cray-libsci libraries
[CRAYBLAS_WARNING] Application linked against multiple cray-libsci libraries
[CRAYBLAS_WARNING] Application linked against multiple cray-libsci libraries
[CRAYBLAS_WARNING] Application linked against multiple cray-libsci libraries
[CRAYBLAS_WARNING] Application linked against multiple cray-libsci libraries
[CRAYBLAS_WARNING] Application linked against multiple cray-libsci libraries
[CRAYBLAS_WARNING] Application linked against multiple cray-libsci libraries
[CRAYBLAS_WARNING] Application linked against multiple cray-libsci libraries
[CRAYBLAS_WARNING] Application linked against multiple cray-libsci libraries
[CRAYBLAS_WARNING] Application linked against multiple cray-libsci libraries
[CRAYBLAS_WARNING] Application linked against multiple cray-libsci libraries
[CRAYBLAS_WARNING] Application linked against multiple cray-libsci libraries
[CRAYBLAS_WARNING] Application linked against multiple cray-libsci libraries
[CRAYBLAS_WARNING] Application linked against multiple cray-libsci libraries
[CRAYBLAS_WARNING] Application linked against multiple cray-libsci libraries
[CRAYBLAS_WARNING] Application linked against multiple cray-libsci libraries
[CRAYBLAS_WARNING] Application linked against multiple cray-libsci libraries
[CRAYBLAS_WARNING] Application linked against multiple cray-libsci libraries
[CRAYBLAS_WARNING] Application linked against multiple cray-libsci libraries
[CRAYBLAS_WARNING] Application linked against multiple cray-libsci libraries
[CRAYBLAS_WARNING] Application linked against multiple cray-libsci libraries
[CRAYBLAS_WARNING] Application linked against multiple cray-libsci libraries
[CRAYBLAS_WARNING] Application linked against multiple cray-libsci libraries
[CRAYBLAS_WARNING] Application linked against multiple cray-libsci libraries
[CRAYBLAS_WARNING] Application linked against multiple cray-libsci libraries
[CRAYBLAS_WARNING] Application linked against multiple cray-libsci libraries
[CRAYBLAS_WARNING] Application linked against multiple cray-libsci libraries
[CRAYBLAS_WARNING] Application linked against multiple cray-libsci libraries
[CRAYBLAS_WARNING] Application linked against multiple cray-libsci libraries
[CRAYBLAS_WARNING] Application linked against multiple cray-libsci libraries
[CRAYBLAS_WARNING] Application linked against multiple cray-libsci libraries
[CRAYBLAS_WARNING] Application linked against multiple cray-libsci libraries
[CRAYBLAS_WARNING] Application linked against multiple cray-libsci libraries
[CRAYBLAS_WARNING] Application linked against multiple cray-libsci libraries
[CRAYBLAS_WARNING] Application linked against multiple cray-libsci libraries
[CRAYBLAS_WARNING] Application linked against multiple cray-libsci libraries
[CRAYBLAS_WARNING] Application linked against multiple cray-libsci libraries
[CRAYBLAS_WARNING] Application linked against multiple cray-libsci libraries
[CRAYBLAS_WARNING] Application linked against multiple cray-libsci libraries
[CRAYBLAS_WARNING] Application linked against multiple cray-libsci libraries
[CRAYBLAS_WARNING] Application linked against multiple cray-libsci libraries
[CRAYBLAS_WARNING] Application linked against multiple cray-libsci libraries
[CRAYBLAS_WARNING] Application linked against multiple cray-libsci libraries
[CRAYBLAS_WARNING] Application linked against multiple cray-libsci libraries
[CRAYBLAS_WARNING] Application linked against multiple cray-libsci libraries
[CRAYBLAS_WARNING] Application linked against multiple cray-libsci libraries
[CRAYBLAS_WARNING] Application linked against multiple cray-libsci libraries
[CRAYBLAS_WARNING] Application linked against multiple cray-libsci libraries
[CRAYBLAS_WARNING] Application linked against multiple cray-libsci libraries
[CRAYBLAS_WARNING] Application linked against multiple cray-libsci libraries
[CRAYBLAS_WARNING] Application linked against multiple cray-libsci libraries
[CRAYBLAS_WARNING] Application linked against multiple cray-libsci libraries
[CRAYBLAS_WARNING] Application linked against multiple cray-libsci libraries
[CRAYBLAS_WARNING] Application linked against multiple cray-libsci libraries
[CRAYBLAS_WARNING] Application linked against multiple cray-libsci libraries
[CRAYBLAS_WARNING] Application linked against multiple cray-libsci libraries
[CRAYBLAS_WARNING] Application linked against multiple cray-libsci libraries
[CRAYBLAS_WARNING] Application linked against multiple cray-libsci libraries
[CRAYBLAS_WARNING] Application linked against multiple cray-libsci libraries
[CRAYBLAS_WARNING] Application linked against multiple cray-libsci libraries
[CRAYBLAS_WARNING] Application linked against multiple cray-libsci libraries
[CRAYBLAS_WARNING] Application linked against multiple cray-libsci libraries
[CRAYBLAS_WARNING] Application linked against multiple cray-libsci libraries
[CRAYBLAS_WARNING] Application linked against multiple cray-libsci libraries
[CRAYBLAS_WARNING] Application linked against multiple cray-libsci libraries
[CRAYBLAS_WARNING] Application linked against multiple cray-libsci libraries
[CRAYBLAS_WARNING] Application linked against multiple cray-libsci libraries
[CRAYBLAS_WARNING] Application linked against multiple cray-libsci libraries
[CRAYBLAS_WARNING] Application linked against multiple cray-libsci libraries
[CRAYBLAS_WARNING] Application linked against multiple cray-libsci libraries
[CRAYBLAS_WARNING] Application linked against multiple cray-libsci libraries
[CRAYBLAS_WARNING] Application linked against multiple cray-libsci libraries
[CRAYBLAS_WARNING] Application linked against multiple cray-libsci libraries
[CRAYBLAS_WARNING] Application linked against multiple cray-libsci libraries
[CRAYBLAS_WARNING] Application linked against multiple cray-libsci libraries
[CRAYBLAS_WARNING] Application linked against multiple cray-libsci libraries
[CRAYBLAS_WARNING] Application linked against multiple cray-libsci libraries
[CRAYBLAS_WARNING] Application linked against multiple cray-libsci libraries
[CRAYBLAS_WARNING] Application linked against multiple cray-libsci libraries
[CRAYBLAS_WARNING] Application linked against multiple cray-libsci libraries
[CRAYBLAS_WARNING] Application linked against multiple cray-libsci libraries
[CRAYBLAS_WARNING] Application linked against multiple cray-libsci libraries
[CRAYBLAS_WARNING] Application linked against multiple cray-libsci libraries
[CRAYBLAS_WARNING] Application linked against multiple cray-libsci libraries
[CRAYBLAS_WARNING] Application linked against multiple cray-libsci libraries
[CRAYBLAS_WARNING] Application linked against multiple cray-libsci libraries
[CRAYBLAS_WARNING] Application linked against multiple cray-libsci libraries
[CRAYBLAS_WARNING] Application linked against multiple cray-libsci libraries
[CRAYBLAS_WARNING] Application linked against multiple cray-libsci libraries
[CRAYBLAS_WARNING] Application linked against multiple cray-libsci libraries
[CRAYBLAS_WARNING] Application linked against multiple cray-libsci libraries
[CRAYBLAS_WARNING] Application linked against multiple cray-libsci libraries
[CRAYBLAS_WARNING] Application linked against multiple cray-libsci libraries
[CRAYBLAS_WARNING] Application linked against multiple cray-libsci libraries
[CRAYBLAS_WARNING] Application linked against multiple cray-libsci libraries
[CRAYBLAS_WARNING] Application linked against multiple cray-libsci libraries
[CRAYBLAS_WARNING] Application linked against multiple cray-libsci libraries
[CRAYBLAS_WARNING] Application linked against multiple cray-libsci libraries
[CRAYBLAS_WARNING] Application linked against multiple cray-libsci libraries
[CRAYBLAS_WARNING] Application linked against multiple cray-libsci libraries
[CRAYBLAS_WARNING] Application linked against multiple cray-libsci libraries
[CRAYBLAS_WARNING] Application linked against multiple cray-libsci libraries
[CRAYBLAS_WARNING] Application linked against multiple cray-libsci libraries
[CRAYBLAS_WARNING] Application linked against multiple cray-libsci libraries
[CRAYBLAS_WARNING] Application linked against multiple cray-libsci libraries
[CRAYBLAS_WARNING] Application linked against multiple cray-libsci libraries
[CRAYBLAS_WARNING] Application linked against multiple cray-libsci libraries
[CRAYBLAS_WARNING] Application linked against multiple cray-libsci libraries
[CRAYBLAS_WARNING] Application linked against multiple cray-libsci libraries
[CRAYBLAS_WARNING] Application linked against multiple cray-libsci libraries
[CRAYBLAS_WARNING] Application linked against multiple cray-libsci libraries
[CRAYBLAS_WARNING] Application linked against multiple cray-libsci libraries
[CRAYBLAS_WARNING] Application linked against multiple cray-libsci libraries
[CRAYBLAS_WARNING] Application linked against multiple cray-libsci libraries
[CRAYBLAS_WARNING] Application linked against multiple cray-libsci libraries
[CRAYBLAS_WARNING] Application linked against multiple cray-libsci libraries
[CRAYBLAS_WARNING] Application linked against multiple cray-libsci libraries
[CRAYBLAS_WARNING] Application linked against multiple cray-libsci libraries
[CRAYBLAS_WARNING] Application linked against multiple cray-libsci libraries
[CRAYBLAS_WARNING] Application linked against multiple cray-libsci libraries
[CRAYBLAS_WARNING] Application linked against multiple cray-libsci libraries
[CRAYBLAS_WARNING] Application linked against multiple cray-libsci libraries
[CRAYBLAS_WARNING] Application linked against multiple cray-libsci libraries
[CRAYBLAS_WARNING] Application linked against multiple cray-libsci libraries
[CRAYBLAS_WARNING] Application linked against multiple cray-libsci libraries
[CRAYBLAS_WARNING] Application linked against multiple cray-libsci libraries
[CRAYBLAS_WARNING] Application linked against multiple cray-libsci libraries
[CRAYBLAS_WARNING] Application linked against multiple cray-libsci libraries
[CRAYBLAS_WARNING] Application linked against multiple cray-libsci libraries
[CRAYBLAS_WARNING] Application linked against multiple cray-libsci libraries
[CRAYBLAS_WARNING] Application linked against multiple cray-libsci libraries
[CRAYBLAS_WARNING] Application linked against multiple cray-libsci libraries
[CRAYBLAS_WARNING] Application linked against multiple cray-libsci libraries
[CRAYBLAS_WARNING] Application linked against multiple cray-libsci libraries
[CRAYBLAS_WARNING] Application linked against multiple cray-libsci libraries
[CRAYBLAS_WARNING] Application linked against multiple cray-libsci libraries
[CRAYBLAS_WARNING] Application linked against multiple cray-libsci libraries
[CRAYBLAS_WARNING] Application linked against multiple cray-libsci libraries
[CRAYBLAS_WARNING] Application linked against multiple cray-libsci libraries
[CRAYBLAS_WARNING] Application linked against multiple cray-libsci libraries
[CRAYBLAS_WARNING] Application linked against multiple cray-libsci libraries
[CRAYBLAS_WARNING] Application linked against multiple cray-libsci libraries
[CRAYBLAS_WARNING] Application linked against multiple cray-libsci libraries
[CRAYBLAS_WARNING] Application linked against multiple cray-libsci libraries
[CRAYBLAS_WARNING] Application linked against multiple cray-libsci libraries
[CRAYBLAS_WARNING] Application linked against multiple cray-libsci libraries
[CRAYBLAS_WARNING] Application linked against multiple cray-libsci libraries
[CRAYBLAS_WARNING] Application linked against multiple cray-libsci libraries
[CRAYBLAS_WARNING] Application linked against multiple cray-libsci libraries
[CRAYBLAS_WARNING] Application linked against multiple cray-libsci libraries
[CRAYBLAS_WARNING] Application linked against multiple cray-libsci libraries
[CRAYBLAS_WARNING] Application linked against multiple cray-libsci libraries
[CRAYBLAS_WARNING] Application linked against multiple cray-libsci libraries
[CRAYBLAS_WARNING] Application linked against multiple cray-libsci libraries
[CRAYBLAS_WARNING] Application linked against multiple cray-libsci libraries
[CRAYBLAS_WARNING] Application linked against multiple cray-libsci libraries
[CRAYBLAS_WARNING] Application linked against multiple cray-libsci libraries
[CRAYBLAS_WARNING] Application linked against multiple cray-libsci libraries
[CRAYBLAS_WARNING] Application linked against multiple cray-libsci libraries
[CRAYBLAS_WARNING] Application linked against multiple cray-libsci libraries
[CRAYBLAS_WARNING] Application linked against multiple cray-libsci libraries
[CRAYBLAS_WARNING] Application linked against multiple cray-libsci libraries
[CRAYBLAS_WARNING] Application linked against multiple cray-libsci libraries
[CRAYBLAS_WARNING] Application linked against multiple cray-libsci libraries
[CRAYBLAS_WARNING] Application linked against multiple cray-libsci libraries
[CRAYBLAS_WARNING] Application linked against multiple cray-libsci libraries
[CRAYBLAS_WARNING] Application linked against multiple cray-libsci libraries
[CRAYBLAS_WARNING] Application linked against multiple cray-libsci libraries
[CRAYBLAS_WARNING] Application linked against multiple cray-libsci libraries
[CRAYBLAS_WARNING] Application linked against multiple cray-libsci libraries
[CRAYBLAS_WARNING] Application linked against multiple cray-libsci libraries
[CRAYBLAS_WARNING] Application linked against multiple cray-libsci libraries
[CRAYBLAS_WARNING] Application linked against multiple cray-libsci libraries
[CRAYBLAS_WARNING] Application linked against multiple cray-libsci libraries
[CRAYBLAS_WARNING] Application linked against multiple cray-libsci libraries
[CRAYBLAS_WARNING] Application linked against multiple cray-libsci libraries
[CRAYBLAS_WARNING] Application linked against multiple cray-libsci libraries
[CRAYBLAS_WARNING] Application linked against multiple cray-libsci libraries
[CRAYBLAS_WARNING] Application linked against multiple cray-libsci libraries
[CRAYBLAS_WARNING] Application linked against multiple cray-libsci libraries
[CRAYBLAS_WARNING] Application linked against multiple cray-libsci libraries
[CRAYBLAS_WARNING] Application linked against multiple cray-libsci libraries
[CRAYBLAS_WARNING] Application linked against multiple cray-libsci libraries
[CRAYBLAS_WARNING] Application linked against multiple cray-libsci libraries
[CRAYBLAS_WARNING] Application linked against multiple cray-libsci libraries
[CRAYBLAS_WARNING] Application linked against multiple cray-libsci libraries
[CRAYBLAS_WARNING] Application linked against multiple cray-libsci libraries
[CRAYBLAS_WARNING] Application linked against multiple cray-libsci libraries
[CRAYBLAS_WARNING] Application linked against multiple cray-libsci libraries
[CRAYBLAS_WARNING] Application linked against multiple cray-libsci libraries
[CRAYBLAS_WARNING] Application linked against multiple cray-libsci libraries
[CRAYBLAS_WARNING] Application linked against multiple cray-libsci libraries
[CRAYBLAS_WARNING] Application linked against multiple cray-libsci libraries
[CRAYBLAS_WARNING] Application linked against multiple cray-libsci libraries
[CRAYBLAS_WARNING] Application linked against multiple cray-libsci libraries
[CRAYBLAS_WARNING] Application linked against multiple cray-libsci libraries
[CRAYBLAS_WARNING] Application linked against multiple cray-libsci libraries
[CRAYBLAS_WARNING] Application linked against multiple cray-libsci libraries
[CRAYBLAS_WARNING] Application linked against multiple cray-libsci libraries
[CRAYBLAS_WARNING] Application linked against multiple cray-libsci libraries
[CRAYBLAS_WARNING] Application linked against multiple cray-libsci libraries
[CRAYBLAS_WARNING] Application linked against multiple cray-libsci libraries
[CRAYBLAS_WARNING] Application linked against multiple cray-libsci libraries
[CRAYBLAS_WARNING] Application linked against multiple cray-libsci libraries
[CRAYBLAS_WARNING] Application linked against multiple cray-libsci libraries
[CRAYBLAS_WARNING] Application linked against multiple cray-libsci libraries
[CRAYBLAS_WARNING] Application linked against multiple cray-libsci libraries
[CRAYBLAS_WARNING] Application linked against multiple cray-libsci libraries
[CRAYBLAS_WARNING] Application linked against multiple cray-libsci libraries
[CRAYBLAS_WARNING] Application linked against multiple cray-libsci libraries
[CRAYBLAS_WARNING] Application linked against multiple cray-libsci libraries
[CRAYBLAS_WARNING] Application linked against multiple cray-libsci libraries
[CRAYBLAS_WARNING] Application linked against multiple cray-libsci libraries
[CRAYBLAS_WARNING] Application linked against multiple cray-libsci libraries
[CRAYBLAS_WARNING] Application linked against multiple cray-libsci libraries
[CRAYBLAS_WARNING] Application linked against multiple cray-libsci libraries
[CRAYBLAS_WARNING] Application linked against multiple cray-libsci libraries
[CRAYBLAS_WARNING] Application linked against multiple cray-libsci libraries
[CRAYBLAS_WARNING] Application linked against multiple cray-libsci libraries
[CRAYBLAS_WARNING] Application linked against multiple cray-libsci libraries
[CRAYBLAS_WARNING] Application linked against multiple cray-libsci libraries
[CRAYBLAS_WARNING] Application linked against multiple cray-libsci libraries
[CRAYBLAS_WARNING] Application linked against multiple cray-libsci libraries
[CRAYBLAS_WARNING] Application linked against multiple cray-libsci libraries
[CRAYBLAS_WARNING] Application linked against multiple cray-libsci libraries
[CRAYBLAS_WARNING] Application linked against multiple cray-libsci libraries
[CRAYBLAS_WARNING] Application linked against multiple cray-libsci libraries
[CRAYBLAS_WARNING] Application linked against multiple cray-libsci libraries
[CRAYBLAS_WARNING] Application linked against multiple cray-libsci libraries
[CRAYBLAS_WARNING] Application linked against multiple cray-libsci libraries
[CRAYBLAS_WARNING] Application linked against multiple cray-libsci libraries
[CRAYBLAS_WARNING] Application linked against multiple cray-libsci libraries
[CRAYBLAS_WARNING] Application linked against multiple cray-libsci libraries
[CRAYBLAS_WARNING] Application linked against multiple cray-libsci libraries
[CRAYBLAS_WARNING] Application linked against multiple cray-libsci libraries
[CRAYBLAS_WARNING] Application linked against multiple cray-libsci libraries
[CRAYBLAS_WARNING] Application linked against multiple cray-libsci libraries
[CRAYBLAS_WARNING] Application linked against multiple cray-libsci libraries
[CRAYBLAS_WARNING] Application linked against multiple cray-libsci libraries
[CRAYBLAS_WARNING] Application linked against multiple cray-libsci libraries
[CRAYBLAS_WARNING] Application linked against multiple cray-libsci libraries
          :-) GROMACS - gmx mdrun, 2027.0-dev-20260903-12c242ba2d (-:
